Microchip MPLAB XC8 Compiler V2.00 ()

Linker command line:

-W-3 --edf=/opt/microchip/xc8/v2.00/pic/dat/en_msgs.txt -cs \
  -h+dist/default/production/PWMandI2C.X.production.sym \
  --cmf=dist/default/production/PWMandI2C.X.production.cmf -z -Q16F15325 \
  -o/tmp/xcXt4NLg5 --defsym=__MPLAB_BUILD=1 \
  -Mdist/default/production/PWMandI2C.X.production.map -E1 -ver=XC8 \
  --acfsm=1493 -ASTACK=02060h-023efh -pstack=STACK -ACODE=00h-07FFhx4 \
  -ASTRCODE=00h-01FFFh -ASTRING=00h-0FFhx32 -ACONST=00h-0FFhx32 \
  -AENTRY=00h-0FFhx32 -ACOMMON=070h-07Fh -ABANK0=020h-06Fh \
  -ABANK1=0A0h-0EFh -ABANK2=0120h-016Fh -ABANK3=01A0h-01EFh \
  -ABANK4=0220h-026Fh -ABANK5=02A0h-02EFh -ABANK6=0320h-036Fh \
  -ABANK7=03A0h-03EFh -ABANK8=0420h-046Fh -ABANK9=04A0h-04EFh \
  -ABANK10=0520h-056Fh -ABANK11=05A0h-05EFh -ABANK12=0620h-064Fh \
  -ABIGRAM=02000h-023EFh \
  -ARAM=020h-06Fh,0A0h-0EFh,0120h-016Fh,01A0h-01EFh,0220h-026Fh,02A0h-02EFh,0320h-036Fh,03A0h-03EFh,0420h-046Fh,04A0h-04EFh,0520h-056Fh,05A0h-05EFh,0620h-064Fh \
  -AABS1=020h-07Fh,0A0h-0EFh,0120h-016Fh,01A0h-01EFh,0220h-026Fh,02A0h-02EFh,0320h-036Fh,03A0h-03EFh,0420h-046Fh,04A0h-04EFh,0520h-056Fh,05A0h-05EFh,0620h-064Fh \
  -ASFR0=00h-01Fh -ASFR1=080h-09Fh -ASFR2=0100h-011Fh -ASFR3=0180h-019Fh \
  -ASFR4=0200h-021Fh -ASFR5=0280h-029Fh -ASFR6=0300h-031Fh \
  -ASFR7=0380h-039Fh -ASFR8=0400h-041Fh -ASFR9=0480h-049Fh \
  -ASFR10=0500h-051Fh -ASFR11=0580h-059Fh -ASFR12=0600h-061Fh \
  -ASFR13=0680h-06EFh -ASFR14=0700h-076Fh -ASFR15=0780h-07EFh \
  -ASFR16=0800h-086Fh -ASFR17=0880h-08EFh -ASFR18=0900h-096Fh \
  -ASFR19=0980h-09EFh -ASFR20=0A00h-0A6Fh -ASFR21=0A80h-0AEFh \
  -ASFR22=0B00h-0B6Fh -ASFR23=0B80h-0BEFh -ASFR24=0C00h-0C6Fh \
  -ASFR25=0C80h-0CEFh -ASFR26=0D00h-0D6Fh -ASFR27=0D80h-0DEFh \
  -ASFR28=0E00h-0E6Fh -ASFR29=0E80h-0EEFh -ASFR30=0F00h-0F6Fh \
  -ASFR31=0F80h-0FEFh -ASFR32=01000h-0106Fh -ASFR33=01080h-010EFh \
  -ASFR34=01100h-0116Fh -ASFR35=01180h-011EFh -ASFR36=01200h-0126Fh \
  -ASFR37=01280h-012EFh -ASFR38=01300h-0136Fh -ASFR39=01380h-013EFh \
  -ASFR40=01400h-0146Fh -ASFR41=01480h-014EFh -ASFR42=01500h-0156Fh \
  -ASFR43=01580h-015EFh -ASFR44=01600h-0166Fh -ASFR45=01680h-016EFh \
  -ASFR46=01700h-0176Fh -ASFR47=01780h-017EFh -ASFR48=01800h-0186Fh \
  -ASFR49=01880h-018EFh -ASFR50=01900h-0196Fh -ASFR51=01980h-019EFh \
  -ASFR52=01A00h-01A6Fh -ASFR53=01A80h-01AEFh -ASFR54=01B00h-01B6Fh \
  -ASFR55=01B80h-01BEFh -ASFR56=01C00h-01C6Fh -ASFR57=01C80h-01CEFh \
  -ASFR58=01D00h-01D6Fh -ASFR59=01D80h-01DEFh -ASFR60=01E00h-01E6Fh \
  -ASFR61=01E80h-01EEFh -ASFR62=01F00h-01F6Fh -ASFR63=01F80h-01FEFh \
  -preset_vec=00h,intentry=04h,init,end_init -ppowerup=CODE -pcinit=CODE \
  -pfunctab=ENTRY -ACONFIG=08007h-0800Bh -pconfig=CONFIG -DCONFIG=2 \
  -AIDLOC=08000h-08003h -pidloc=IDLOC -DIDLOC=2 -DCODE=2 -DSTRCODE=2 \
  -DSTRING=2 -DCONST=2 -DENTRY=2 -k /tmp/xcXHtKCAs.o \
  dist/default/production/PWMandI2C.X.production.o 

Object code version is 3.11

Machine type is 16F15325



                Name                               Link     Load   Length Selector   Space Scale
/tmp/xcXHtKCAs.o
                end_init                             2F       2F        2        8       0
                reset_vec                             0        0        2        0       0
                config                             8007     8007        5    1000E       0
dist/default/production/PWMandI2C.X.production.o
                cinit                                31       31       15        8       0
                intentry                              4        4       2B        8       0
                text46                              F82      F82        8     1F04       0
                text45                              F8A      F8A        8     1F14       0
                text44                              F92      F92        8     1F24       0
                text43                              F1E      F1E        3     1E3C       0
                text42                              F21      F21        3     1E42       0
                text41                              F27      F27        4     1E4E       0
                text40                              F9A      F9A        8     1F34       0
                text39                              FBA      FBA        E     1F74       0
                text38                              F2B      F2B        4     1E56       0
                text37                              FA2      FA2        8     1F44       0
                text36                              FC8      FC8        E     1F90       0
                text35                              7FE      7FE        1        8       0
                text34                              FD6      FD6        E     1FAC       0
                text33                              F33      F33        5     1E66       0
                text32                              F38      F38        5     1E70       0
                text31                              FE4      FE4        E     1FC8       0
                text30                              F24      F24        3     1E48       0
                text29                              6D4      6D4       5F        8       0
                text27                              7B6      7B6       19        8       0
                text26                              7F4      7F4        A        8       0
                text25                              790      790       26        8       0
                text24                              FAA      FAA        8     1F54       0
                text23                              F4C      F4C        6     1E98       0
                text22                              F52      F52        6     1EA4       0
                text21                              F58      F58        6     1EB0       0
                text20                              FF2      FF2        E     1FE4       0
                text19                              7CF      7CF       16        8       0
                text18                               46       46      272        8       0
                text17                              769      769       27        8       0
                text16                              2B8      2B8      26B        8       0
                text15                              5D8      5D8       95        8       0
                text14                              523      523       B5        8       0
                text13                              7E5      7E5        F        8       0
                text12                              F3D      F3D        5     1E7A       0
                text11                              F5E      F5E        6     1EBC       0
                text10                              F42      F42        5     1E84       0
                text9                               F64      F64        6     1EC8       0
                text8                               F6A      F6A        6     1ED4       0
                text7                               FB2      FB2        8     1F64       0
                text6                               F70      F70        6     1EE0       0
                text5                               F76      F76        6     1EEC       0
                text4                               F7C      F7C        6     1EF8       0
                text3                               733      733       36        8       0
                text2                               F2F      F2F        4     1E5E       0
                text1                               F47      F47        5     1E8E       0
                maintext                            66D      66D       67        8       0
                cstackBANK0                          20       20       4D       20       1
                cstackCOMMON                         70       70        7       70       1
                cstackBANK1                          AA       AA        4       A0       1
                bssBANK1                             A0       A0        A       A0       1
                bssBANK0                             6D       6D        2       20       1
                bssCOMMON                            77       77        3       70       1
                nvBANK1                              AE       AE        2       A0       1

TOTAL           Name                               Link     Load   Length     Space
        CLASS   STACK          

        CLASS   CODE           
                end_init                             2F       2F        2         0
                cinit                                31       31       15         0
                intentry                              4        4       2B         0
                reset_vec                             0        0        2         0
                text46                              F82      F82        8         0
                text45                              F8A      F8A        8         0
                text44                              F92      F92        8         0
                text43                              F1E      F1E        3         0
                text42                              F21      F21        3         0
                text41                              F27      F27        4         0
                text40                              F9A      F9A        8         0
                text39                              FBA      FBA        E         0
                text38                              F2B      F2B        4         0
                text37                              FA2      FA2        8         0
                text36                              FC8      FC8        E         0
                text35                              7FE      7FE        1         0
                text34                              FD6      FD6        E         0
                text33                              F33      F33        5         0
                text32                              F38      F38        5         0
                text31                              FE4      FE4        E         0
                text30                              F24      F24        3         0
                text29                              6D4      6D4       5F         0
                text27                              7B6      7B6       19         0
                text26                              7F4      7F4        A         0
                text25                              790      790       26         0
                text24                              FAA      FAA        8         0
                text23                              F4C      F4C        6         0
                text22                              F52      F52        6         0
                text21                              F58      F58        6         0
                text20                              FF2      FF2        E         0
                text19                              7CF      7CF       16         0
                text18                               46       46      272         0
                text17                              769      769       27         0
                text16                              2B8      2B8      26B         0
                text15                              5D8      5D8       95         0
                text14                              523      523       B5         0
                text13                              7E5      7E5        F         0
                text12                              F3D      F3D        5         0
                text11                              F5E      F5E        6         0
                text10                              F42      F42        5         0
                text9                               F64      F64        6         0
                text8                               F6A      F6A        6         0
                text7                               FB2      FB2        8         0
                text6                               F70      F70        6         0
                text5                               F76      F76        6         0
                text4                               F7C      F7C        6         0
                text3                               733      733       36         0
                text2                               F2F      F2F        4         0
                text1                               F47      F47        5         0
                maintext                            66D      66D       67         0

        CLASS   STRCODE        

        CLASS   STRING         

        CLASS   CONST          

        CLASS   ENTRY          

        CLASS   COMMON         
                cstackCOMMON                         70       70        7         1
                bssCOMMON                            77       77        3         1

        CLASS   BANK0          
                cstackBANK0                          20       20       4D         1
                bssBANK0                             6D       6D        2         1

        CLASS   BANK1          
                cstackBANK1                          AA       AA        4         1
                bssBANK1                             A0       A0        A         1
                nvBANK1                              AE       AE        2         1

        CLASS   BANK2          

        CLASS   BANK3          

        CLASS   BANK4          

        CLASS   BANK5          

        CLASS   BANK6          

        CLASS   BANK7          

        CLASS   BANK8          

        CLASS   BANK9          

        CLASS   BANK10         

        CLASS   BANK11         

        CLASS   BANK12         

        CLASS   BIGRAM         

        CLASS   RAM            

        CLASS   ABS1           
                abs_s1                               7E       7E        2         1

        CLASS   SFR0           

        CLASS   SFR1           

        CLASS   SFR2           

        CLASS   SFR3           

        CLASS   SFR4           

        CLASS   SFR5           

        CLASS   SFR6           

        CLASS   SFR7           

        CLASS   SFR8           

        CLASS   SFR9           

        CLASS   SFR10          

        CLASS   SFR11          

        CLASS   SFR12          

        CLASS   SFR13          

        CLASS   SFR14          

        CLASS   SFR15          

        CLASS   SFR16          

        CLASS   SFR17          

        CLASS   SFR18          

        CLASS   SFR19          

        CLASS   SFR20          

        CLASS   SFR21          

        CLASS   SFR22          

        CLASS   SFR23          

        CLASS   SFR24          

        CLASS   SFR25          

        CLASS   SFR26          

        CLASS   SFR27          

        CLASS   SFR28          

        CLASS   SFR29          

        CLASS   SFR30          

        CLASS   SFR31          

        CLASS   SFR32          

        CLASS   SFR33          

        CLASS   SFR34          

        CLASS   SFR35          

        CLASS   SFR36          

        CLASS   SFR37          

        CLASS   SFR38          

        CLASS   SFR39          

        CLASS   SFR40          

        CLASS   SFR41          

        CLASS   SFR42          

        CLASS   SFR43          

        CLASS   SFR44          

        CLASS   SFR45          

        CLASS   SFR46          

        CLASS   SFR47          

        CLASS   SFR48          

        CLASS   SFR49          

        CLASS   SFR50          

        CLASS   SFR51          

        CLASS   SFR52          

        CLASS   SFR53          

        CLASS   SFR54          

        CLASS   SFR55          

        CLASS   SFR56          

        CLASS   SFR57          

        CLASS   SFR58          

        CLASS   SFR59          

        CLASS   SFR60          

        CLASS   SFR61          

        CLASS   SFR62          

        CLASS   SFR63          

        CLASS   CONFIG         
                config                             8007     8007        5         0

        CLASS   IDLOC          

        CLASS   BANK63         

        CLASS   BANK62         

        CLASS   BANK61         

        CLASS   BANK60         

        CLASS   BANK59         

        CLASS   BANK58         

        CLASS   BANK57         

        CLASS   BANK56         

        CLASS   BANK55         

        CLASS   BANK54         

        CLASS   BANK53         

        CLASS   BANK52         

        CLASS   BANK51         

        CLASS   BANK50         

        CLASS   BANK49         

        CLASS   BANK48         

        CLASS   BANK47         

        CLASS   BANK46         

        CLASS   BANK45         

        CLASS   BANK44         

        CLASS   BANK43         

        CLASS   BANK42         

        CLASS   BANK41         

        CLASS   BANK40         

        CLASS   BANK39         

        CLASS   BANK38         

        CLASS   BANK37         

        CLASS   BANK36         

        CLASS   BANK35         

        CLASS   BANK34         

        CLASS   BANK33         

        CLASS   BANK32         

        CLASS   BANK31         

        CLASS   BANK30         

        CLASS   BANK29         

        CLASS   BANK28         

        CLASS   BANK27         

        CLASS   BANK26         

        CLASS   BANK25         

        CLASS   BANK24         

        CLASS   BANK23         

        CLASS   BANK22         

        CLASS   BANK21         

        CLASS   BANK20         

        CLASS   BANK19         

        CLASS   BANK18         

        CLASS   BANK17         

        CLASS   BANK16         

        CLASS   BANK15         

        CLASS   BANK14         

        CLASS   BANK13         

        CLASS   EEDATA         



SEGMENTS        Name                           Load    Length   Top    Selector   Space  Class     Delta

                reset_vec                      000000  000002  000002         0       0  CODE        2
                intentry                       000004  0007FB  0007FF         8       0  CODE        2
                cstackBANK0                    000020  00004F  00006F        20       1  BANK0       1
                cstackCOMMON                   000070  00000A  00007A        70       1  COMMON      1
                bssBANK1                       0000A0  000010  0000B0        A0       1  BANK1       1
                text43                         000F1E  000003  000F21      1E3C       0  CODE        2
                text42                         000F21  000003  000F24      1E42       0  CODE        2
                text30                         000F24  000003  000F27      1E48       0  CODE        2
                text41                         000F27  000004  000F2B      1E4E       0  CODE        2
                text38                         000F2B  000004  000F2F      1E56       0  CODE        2
                text2                          000F2F  000004  000F33      1E5E       0  CODE        2
                text33                         000F33  000005  000F38      1E66       0  CODE        2
                text32                         000F38  000005  000F3D      1E70       0  CODE        2
                text12                         000F3D  000005  000F42      1E7A       0  CODE        2
                text10                         000F42  000005  000F47      1E84       0  CODE        2
                text1                          000F47  000005  000F4C      1E8E       0  CODE        2
                text23                         000F4C  000006  000F52      1E98       0  CODE        2
                text22                         000F52  000006  000F58      1EA4       0  CODE        2
                text21                         000F58  000006  000F5E      1EB0       0  CODE        2
                text11                         000F5E  000006  000F64      1EBC       0  CODE        2
                text9                          000F64  000006  000F6A      1EC8       0  CODE        2
                text8                          000F6A  000006  000F70      1ED4       0  CODE        2
                text6                          000F70  000006  000F76      1EE0       0  CODE        2
                text5                          000F76  000006  000F7C      1EEC       0  CODE        2
                text4                          000F7C  000006  000F82      1EF8       0  CODE        2
                text46                         000F82  000008  000F8A      1F04       0  CODE        2
                text45                         000F8A  000008  000F92      1F14       0  CODE        2
                text44                         000F92  000008  000F9A      1F24       0  CODE        2
                text40                         000F9A  000008  000FA2      1F34       0  CODE        2
                text37                         000FA2  000008  000FAA      1F44       0  CODE        2
                text24                         000FAA  000008  000FB2      1F54       0  CODE        2
                text7                          000FB2  000008  000FBA      1F64       0  CODE        2
                text39                         000FBA  00000E  000FC8      1F74       0  CODE        2
                text36                         000FC8  00000E  000FD6      1F90       0  CODE        2
                text34                         000FD6  00000E  000FE4      1FAC       0  CODE        2
                text31                         000FE4  00000E  000FF2      1FC8       0  CODE        2
                text20                         000FF2  00000E  001000      1FE4       0  CODE        2
                config                         008007  000005  00800C     1000E       0  CONFIG      2


UNUSED ADDRESS RANGES

        Name                Unused          Largest block    Delta
        BANK0            0006F-0006F               1           1
        BANK1            000B0-000EF              40           1
        BANK10           00520-0056F              50           1
        BANK11           005A0-005EF              50           1
        BANK12           00620-0064F              30           1
        BANK2            00120-0016F              50           1
        BANK3            001A0-001EF              50           1
        BANK4            00220-0026F              50           1
        BANK5            002A0-002EF              50           1
        BANK6            00320-0036F              50           1
        BANK7            003A0-003EF              50           1
        BANK8            00420-0046F              50           1
        BANK9            004A0-004EF              50           1
        BIGRAM           02000-023EF             3F0           1
        CODE             00002-00003               2           2
                         007FF-00F1D               1
                         01000-01FFF             800
        COMMON           0007A-0007D               4           1
        CONST            00002-00003               2           2
                         007FF-00F1D             100
                         01000-01FFF             100
        ENTRY            00002-00003               2           2
                         007FF-00F1D             100
                         01000-01FFF             100
        IDLOC            08000-08003               4           2
        RAM              0006F-0006F               1           1
                         000B0-000EF              40
                         00120-0016F              50
                         001A0-001EF              50
                         00220-0026F              50
                         002A0-002EF              50
                         00320-0036F              50
                         003A0-003EF              50
                         00420-0046F              50
                         004A0-004EF              50
                         00520-0056F              50
                         005A0-005EF              50
                         00620-0064F              30
        SFR0             00000-0001F              20           1
        SFR1             00080-0009F              20           1
        SFR10            00500-0051F              20           1
        SFR11            00580-0059F              20           1
        SFR12            00600-0061F              20           1
        SFR13            00680-006EF              70           1
        SFR14            00700-0076F              70           1
        SFR15            00780-007EF              70           1
        SFR16            00800-0086F              70           1
        SFR17            00880-008EF              70           1
        SFR18            00900-0096F              70           1
        SFR19            00980-009EF              70           1
        SFR2             00100-0011F              20           1
        SFR20            00A00-00A6F              70           1
        SFR21            00A80-00AEF              70           1
        SFR22            00B00-00B6F              70           1
        SFR23            00B80-00BEF              70           1
        SFR24            00C00-00C6F              70           1
        SFR25            00C80-00CEF              70           1
        SFR26            00D00-00D6F              70           1
        SFR27            00D80-00DEF              70           1
        SFR28            00E00-00E6F              70           1
        SFR29            00E80-00EEF              70           1
        SFR3             00180-0019F              20           1
        SFR30            00F00-00F6F              70           1
        SFR31            00F80-00FEF              70           1
        SFR32            01000-0106F              70           1
        SFR33            01080-010EF              70           1
        SFR34            01100-0116F              70           1
        SFR35            01180-011EF              70           1
        SFR36            01200-0126F              70           1
        SFR37            01280-012EF              70           1
        SFR38            01300-0136F              70           1
        SFR39            01380-013EF              70           1
        SFR4             00200-0021F              20           1
        SFR40            01400-0146F              70           1
        SFR41            01480-014EF              70           1
        SFR42            01500-0156F              70           1
        SFR43            01580-015EF              70           1
        SFR44            01600-0166F              70           1
        SFR45            01680-016EF              70           1
        SFR46            01700-0176F              70           1
        SFR47            01780-017EF              70           1
        SFR48            01800-0186F              70           1
        SFR49            01880-018EF              70           1
        SFR5             00280-0029F              20           1
        SFR50            01900-0196F              70           1
        SFR51            01980-019EF              70           1
        SFR52            01A00-01A6F              70           1
        SFR53            01A80-01AEF              70           1
        SFR54            01B00-01B6F              70           1
        SFR55            01B80-01BEF              70           1
        SFR56            01C00-01C6F              70           1
        SFR57            01C80-01CEF              70           1
        SFR58            01D00-01D6F              70           1
        SFR59            01D80-01DEF              70           1
        SFR6             00300-0031F              20           1
        SFR60            01E00-01E6F              70           1
        SFR61            01E80-01EEF              70           1
        SFR62            01F00-01F6F              70           1
        SFR63            01F80-01FEF              70           1
        SFR7             00380-0039F              20           1
        SFR8             00400-0041F              20           1
        SFR9             00480-0049F              20           1
        STACK            02060-023EF             390           1
        STRCODE          00002-00003               2           2
                         007FF-00F1D             71F
                         01000-01FFF            1000
        STRING           00002-00003               2           2
                         007FF-00F1D             100
                         01000-01FFF             100

                                  Symbol Table

?__Umul8_16                                 cstackCOMMON 00073
?___fladd                                   cstackBANK0  00044
?___flmul                                   cstackBANK0  0002A
?___fltol                                   cstackBANK0  0005C
?___xxtofl                                  cstackCOMMON 00073
PWM3_LoadDutyValue@dutyValue                cstackBANK0  00067
_ANSELA                                     (abs)        01F38
_ANSELC                                     (abs)        01F4E
_INTCONbits                                 (abs)        0000B
_INTERRUPT_InterruptManager                 intentry     00004
_LATA                                       (abs)        00018
_LATC                                       (abs)        0001A
_ODCONA                                     (abs)        01F3A
_ODCONC                                     (abs)        01F50
_OSCCON1                                    (abs)        0088D
_OSCCON3                                    (abs)        0088F
_OSCEN                                      (abs)        00891
_OSCFRQ                                     (abs)        00893
_OSCILLATOR_Initialize                      text26       007F4
_OSCSTAT                                    (abs)        00890
_OSCTUNE                                    (abs)        00892
_PIE3bits                                   (abs)        00719
_PIN_MANAGER_Initialize                     text25       00790
_PIR3bits                                   (abs)        0070F
_PIR4bits                                   (abs)        00710
_PMD0                                       (abs)        00796
_PMD1                                       (abs)        00797
_PMD2                                       (abs)        00798
_PMD3                                       (abs)        00799
_PMD4                                       (abs)        0079A
_PMD5                                       (abs)        0079B
_PMD_Initialize                             text24       00FAA
_PR2                                        (abs)        0028D
_PWM3CON                                    (abs)        00316
_PWM3DCH                                    (abs)        00315
_PWM3DCL                                    (abs)        00314
_PWM3_Initialize                            text23       00F4C
_PWM3_LoadDutyValue                         text27       007B6
_PWM4CON                                    (abs)        0031A
_PWM4DCH                                    (abs)        00319
_PWM4DCL                                    (abs)        00318
_PWM4_Initialize                            text22       00F52
_PWM5CON                                    (abs)        0031E
_PWM5DCH                                    (abs)        0031D
_PWM5DCL                                    (abs)        0031C
_PWM5_Initialize                            text21       00F58
_RC1PPS                                     (abs)        01F21
_RC2PPS                                     (abs)        01F22
_RC3PPS                                     (abs)        01F23
_RC4PPS                                     (abs)        01F24
_RC5PPS                                     (abs)        01F25
_SLRCONA                                    (abs)        01F3B
_SLRCONC                                    (abs)        01F51
_SSP1ADD                                    (abs)        0018D
_SSP1BUF                                    (abs)        0018C
_SSP1CLKPPS                                 (abs)        01EC5
_SSP1CON1                                   (abs)        00190
_SSP1CON1bits                               (abs)        00190
_SSP1CON2                                   (abs)        00191
_SSP1CON2bits                               (abs)        00191
_SSP1DATPPS                                 (abs)        01EC6
_SSP1MSK                                    (abs)        0018E
_SSP1STAT                                   (abs)        0018F
_SSP1STATbits                               (abs)        0018F
_SYSTEM_Initialize                          text19       007CF
_T2CLKCON                                   (abs)        00290
_T2CON                                      (abs)        0028E
_T2CONbits                                  (abs)        0028E
_T2HLT                                      (abs)        0028F
_T2HLTbits                                  (abs)        0028F
_T2PR                                       (abs)        0028D
_T2RST                                      (abs)        00291
_T2RSTbits                                  (abs)        00291
_T2TMR                                      (abs)        0028C
_TMR2                                       (abs)        0028C
_TMR2_Initialize                            text20       00FF2
_TRISA                                      (abs)        00012
_TRISC                                      (abs)        00014
_WPUA                                       (abs)        01F39
_WPUC                                       (abs)        01F4F
__CFG_BBEN$OFF                              (abs)        00000
__CFG_BBSIZE$BB512                          (abs)        00000
__CFG_BOREN$ON                              (abs)        00000
__CFG_BORV$LO                               (abs)        00000
__CFG_CLKOUTEN$OFF                          (abs)        00000
__CFG_CP$OFF                                (abs)        00000
__CFG_CSWEN$ON                              (abs)        00000
__CFG_FCMEN$ON                              (abs)        00000
__CFG_FEXTOSC$OFF                           (abs)        00000
__CFG_LPBOREN$OFF                           (abs)        00000
__CFG_LVP$ON                                (abs)        00000
__CFG_MCLRE$ON                              (abs)        00000
__CFG_PPS1WAY$ON                            (abs)        00000
__CFG_PWRTE$OFF                             (abs)        00000
__CFG_RSTOSC$HFINT1                         (abs)        00000
__CFG_SAFEN$OFF                             (abs)        00000
__CFG_STVREN$ON                             (abs)        00000
__CFG_WDTCCS$SC                             (abs)        00000
__CFG_WDTCPS$WDTCPS_31                      (abs)        00000
__CFG_WDTCWS$WDTCWS_7                       (abs)        00000
__CFG_WDTE$OFF                              (abs)        00000
__CFG_WRTAPP$OFF                            (abs)        00000
__CFG_WRTB$OFF                              (abs)        00000
__CFG_WRTC$OFF                              (abs)        00000
__CFG_WRTSAF$OFF                            (abs)        00000
__CFG_ZCD$OFF                               (abs)        00000
__Habs1                                     abs1         00000
__Hbank0                                    bank0        00000
__Hbank1                                    bank1        00000
__Hbank10                                   bank10       00000
__Hbank11                                   bank11       00000
__Hbank12                                   bank12       00000
__Hbank13                                   bank13       00000
__Hbank14                                   bank14       00000
__Hbank15                                   bank15       00000
__Hbank16                                   bank16       00000
__Hbank17                                   bank17       00000
__Hbank18                                   bank18       00000
__Hbank19                                   bank19       00000
__Hbank2                                    bank2        00000
__Hbank20                                   bank20       00000
__Hbank21                                   bank21       00000
__Hbank22                                   bank22       00000
__Hbank23                                   bank23       00000
__Hbank24                                   bank24       00000
__Hbank25                                   bank25       00000
__Hbank26                                   bank26       00000
__Hbank27                                   bank27       00000
__Hbank28                                   bank28       00000
__Hbank29                                   bank29       00000
__Hbank3                                    bank3        00000
__Hbank30                                   bank30       00000
__Hbank31                                   bank31       00000
__Hbank32                                   bank32       00000
__Hbank33                                   bank33       00000
__Hbank34                                   bank34       00000
__Hbank35                                   bank35       00000
__Hbank36                                   bank36       00000
__Hbank37                                   bank37       00000
__Hbank38                                   bank38       00000
__Hbank39                                   bank39       00000
__Hbank4                                    bank4        00000
__Hbank40                                   bank40       00000
__Hbank41                                   bank41       00000
__Hbank42                                   bank42       00000
__Hbank43                                   bank43       00000
__Hbank44                                   bank44       00000
__Hbank45                                   bank45       00000
__Hbank46                                   bank46       00000
__Hbank47                                   bank47       00000
__Hbank48                                   bank48       00000
__Hbank49                                   bank49       00000
__Hbank5                                    bank5        00000
__Hbank50                                   bank50       00000
__Hbank51                                   bank51       00000
__Hbank52                                   bank52       00000
__Hbank53                                   bank53       00000
__Hbank54                                   bank54       00000
__Hbank55                                   bank55       00000
__Hbank56                                   bank56       00000
__Hbank57                                   bank57       00000
__Hbank58                                   bank58       00000
__Hbank59                                   bank59       00000
__Hbank6                                    bank6        00000
__Hbank60                                   bank60       00000
__Hbank61                                   bank61       00000
__Hbank62                                   bank62       00000
__Hbank63                                   bank63       00000
__Hbank7                                    bank7        00000
__Hbank8                                    bank8        00000
__Hbank9                                    bank9        00000
__Hbigram                                   bigram       00000
__HbssBANK0                                 bssBANK0     00000
__HbssBANK1                                 bssBANK1     00000
__HbssCOMMON                                bssCOMMON    00000
__Hcinit                                    cinit        00046
__Hclrtext                                  clrtext      00000
__Hcode                                     code         00000
__Hcommon                                   common       00000
__Hconfig                                   config       0800C
__HcstackBANK0                              cstackBANK0  00000
__HcstackBANK1                              cstackBANK1  00000
__HcstackCOMMON                             cstackCOMMON 00000
__Heeprom_data                              eeprom_data  00000
__Hend_init                                 end_init     00031
__Hfunctab                                  functab      00000
__Hidloc                                    idloc        00000
__Hinit                                     init         0002F
__Hintentry                                 intentry     0002F
__Hmaintext                                 maintext     00000
__HnvBANK1                                  nvBANK1      00000
__Hpowerup                                  powerup      00000
__Hram                                      ram          00000
__Hreset_vec                                reset_vec    00002
__Hsfr0                                     sfr0         00000
__Hsfr1                                     sfr1         00000
__Hsfr10                                    sfr10        00000
__Hsfr11                                    sfr11        00000
__Hsfr12                                    sfr12        00000
__Hsfr13                                    sfr13        00000
__Hsfr14                                    sfr14        00000
__Hsfr15                                    sfr15        00000
__Hsfr16                                    sfr16        00000
__Hsfr17                                    sfr17        00000
__Hsfr18                                    sfr18        00000
__Hsfr19                                    sfr19        00000
__Hsfr2                                     sfr2         00000
__Hsfr20                                    sfr20        00000
__Hsfr21                                    sfr21        00000
__Hsfr22                                    sfr22        00000
__Hsfr23                                    sfr23        00000
__Hsfr24                                    sfr24        00000
__Hsfr25                                    sfr25        00000
__Hsfr26                                    sfr26        00000
__Hsfr27                                    sfr27        00000
__Hsfr28                                    sfr28        00000
__Hsfr29                                    sfr29        00000
__Hsfr3                                     sfr3         00000
__Hsfr30                                    sfr30        00000
__Hsfr31                                    sfr31        00000
__Hsfr32                                    sfr32        00000
__Hsfr33                                    sfr33        00000
__Hsfr34                                    sfr34        00000
__Hsfr35                                    sfr35        00000
__Hsfr36                                    sfr36        00000
__Hsfr37                                    sfr37        00000
__Hsfr38                                    sfr38        00000
__Hsfr39                                    sfr39        00000
__Hsfr4                                     sfr4         00000
__Hsfr40                                    sfr40        00000
__Hsfr41                                    sfr41        00000
__Hsfr42                                    sfr42        00000
__Hsfr43                                    sfr43        00000
__Hsfr44                                    sfr44        00000
__Hsfr45                                    sfr45        00000
__Hsfr46                                    sfr46        00000
__Hsfr47                                    sfr47        00000
__Hsfr48                                    sfr48        00000
__Hsfr49                                    sfr49        00000
__Hsfr5                                     sfr5         00000
__Hsfr50                                    sfr50        00000
__Hsfr51                                    sfr51        00000
__Hsfr52                                    sfr52        00000
__Hsfr53                                    sfr53        00000
__Hsfr54                                    sfr54        00000
__Hsfr55                                    sfr55        00000
__Hsfr56                                    sfr56        00000
__Hsfr57                                    sfr57        00000
__Hsfr58                                    sfr58        00000
__Hsfr59                                    sfr59        00000
__Hsfr6                                     sfr6         00000
__Hsfr60                                    sfr60        00000
__Hsfr61                                    sfr61        00000
__Hsfr62                                    sfr62        00000
__Hsfr63                                    sfr63        00000
__Hsfr7                                     sfr7         00000
__Hsfr8                                     sfr8         00000
__Hsfr9                                     sfr9         00000
__Hspace_0                                  (abs)        0800C
__Hspace_1                                  (abs)        000B0
__Hspace_2                                  (abs)        00000
__Hspace_3                                  (abs)        00000
__Hstack                                    stack        00000
__Hstrings                                  strings      00000
__Htext                                     text         00000
__Labs1                                     abs1         00000
__Lbank0                                    bank0        00000
__Lbank1                                    bank1        00000
__Lbank10                                   bank10       00000
__Lbank11                                   bank11       00000
__Lbank12                                   bank12       00000
__Lbank13                                   bank13       00000
__Lbank14                                   bank14       00000
__Lbank15                                   bank15       00000
__Lbank16                                   bank16       00000
__Lbank17                                   bank17       00000
__Lbank18                                   bank18       00000
__Lbank19                                   bank19       00000
__Lbank2                                    bank2        00000
__Lbank20                                   bank20       00000
__Lbank21                                   bank21       00000
__Lbank22                                   bank22       00000
__Lbank23                                   bank23       00000
__Lbank24                                   bank24       00000
__Lbank25                                   bank25       00000
__Lbank26                                   bank26       00000
__Lbank27                                   bank27       00000
__Lbank28                                   bank28       00000
__Lbank29                                   bank29       00000
__Lbank3                                    bank3        00000
__Lbank30                                   bank30       00000
__Lbank31                                   bank31       00000
__Lbank32                                   bank32       00000
__Lbank33                                   bank33       00000
__Lbank34                                   bank34       00000
__Lbank35                                   bank35       00000
__Lbank36                                   bank36       00000
__Lbank37                                   bank37       00000
__Lbank38                                   bank38       00000
__Lbank39                                   bank39       00000
__Lbank4                                    bank4        00000
__Lbank40                                   bank40       00000
__Lbank41                                   bank41       00000
__Lbank42                                   bank42       00000
__Lbank43                                   bank43       00000
__Lbank44                                   bank44       00000
__Lbank45                                   bank45       00000
__Lbank46                                   bank46       00000
__Lbank47                                   bank47       00000
__Lbank48                                   bank48       00000
__Lbank49                                   bank49       00000
__Lbank5                                    bank5        00000
__Lbank50                                   bank50       00000
__Lbank51                                   bank51       00000
__Lbank52                                   bank52       00000
__Lbank53                                   bank53       00000
__Lbank54                                   bank54       00000
__Lbank55                                   bank55       00000
__Lbank56                                   bank56       00000
__Lbank57                                   bank57       00000
__Lbank58                                   bank58       00000
__Lbank59                                   bank59       00000
__Lbank6                                    bank6        00000
__Lbank60                                   bank60       00000
__Lbank61                                   bank61       00000
__Lbank62                                   bank62       00000
__Lbank63                                   bank63       00000
__Lbank7                                    bank7        00000
__Lbank8                                    bank8        00000
__Lbank9                                    bank9        00000
__Lbigram                                   bigram       00000
__LbssBANK0                                 bssBANK0     00000
__LbssBANK1                                 bssBANK1     00000
__LbssCOMMON                                bssCOMMON    00000
__Lcinit                                    cinit        00031
__Lclrtext                                  clrtext      00000
__Lcode                                     code         00000
__Lcommon                                   common       00000
__Lconfig                                   config       08007
__LcstackBANK0                              cstackBANK0  00000
__LcstackBANK1                              cstackBANK1  00000
__LcstackCOMMON                             cstackCOMMON 00000
__Leeprom_data                              eeprom_data  00000
__Lend_init                                 end_init     0002F
__Lfunctab                                  functab      00000
__Lidloc                                    idloc        00000
__Linit                                     init         0002F
__Lintentry                                 intentry     00004
__Lmaintext                                 maintext     00000
__LnvBANK1                                  nvBANK1      00000
__Lpowerup                                  powerup      00000
__Lram                                      ram          00000
__Lreset_vec                                reset_vec    00000
__Lsfr0                                     sfr0         00000
__Lsfr1                                     sfr1         00000
__Lsfr10                                    sfr10        00000
__Lsfr11                                    sfr11        00000
__Lsfr12                                    sfr12        00000
__Lsfr13                                    sfr13        00000
__Lsfr14                                    sfr14        00000
__Lsfr15                                    sfr15        00000
__Lsfr16                                    sfr16        00000
__Lsfr17                                    sfr17        00000
__Lsfr18                                    sfr18        00000
__Lsfr19                                    sfr19        00000
__Lsfr2                                     sfr2         00000
__Lsfr20                                    sfr20        00000
__Lsfr21                                    sfr21        00000
__Lsfr22                                    sfr22        00000
__Lsfr23                                    sfr23        00000
__Lsfr24                                    sfr24        00000
__Lsfr25                                    sfr25        00000
__Lsfr26                                    sfr26        00000
__Lsfr27                                    sfr27        00000
__Lsfr28                                    sfr28        00000
__Lsfr29                                    sfr29        00000
__Lsfr3                                     sfr3         00000
__Lsfr30                                    sfr30        00000
__Lsfr31                                    sfr31        00000
__Lsfr32                                    sfr32        00000
__Lsfr33                                    sfr33        00000
__Lsfr34                                    sfr34        00000
__Lsfr35                                    sfr35        00000
__Lsfr36                                    sfr36        00000
__Lsfr37                                    sfr37        00000
__Lsfr38                                    sfr38        00000
__Lsfr39                                    sfr39        00000
__Lsfr4                                     sfr4         00000
__Lsfr40                                    sfr40        00000
__Lsfr41                                    sfr41        00000
__Lsfr42                                    sfr42        00000
__Lsfr43                                    sfr43        00000
__Lsfr44                                    sfr44        00000
__Lsfr45                                    sfr45        00000
__Lsfr46                                    sfr46        00000
__Lsfr47                                    sfr47        00000
__Lsfr48                                    sfr48        00000
__Lsfr49                                    sfr49        00000
__Lsfr5                                     sfr5         00000
__Lsfr50                                    sfr50        00000
__Lsfr51                                    sfr51        00000
__Lsfr52                                    sfr52        00000
__Lsfr53                                    sfr53        00000
__Lsfr54                                    sfr54        00000
__Lsfr55                                    sfr55        00000
__Lsfr56                                    sfr56        00000
__Lsfr57                                    sfr57        00000
__Lsfr58                                    sfr58        00000
__Lsfr59                                    sfr59        00000
__Lsfr6                                     sfr6         00000
__Lsfr60                                    sfr60        00000
__Lsfr61                                    sfr61        00000
__Lsfr62                                    sfr62        00000
__Lsfr63                                    sfr63        00000
__Lsfr7                                     sfr7         00000
__Lsfr8                                     sfr8         00000
__Lsfr9                                     sfr9         00000
__Lspace_0                                  (abs)        00000
__Lspace_1                                  (abs)        00000
__Lspace_2                                  (abs)        00000
__Lspace_3                                  (abs)        00000
__Lstack                                    stack        00000
__Lstrings                                  strings      00000
__Ltext                                     text         00000
__S0                                        (abs)        0800C
__S1                                        (abs)        000B0
__S2                                        (abs)        00000
__Umul8_16                                  text17       00769
__Umul8_16@multiplicand                     cstackCOMMON 00073
__Umul8_16@multiplier                       cstackBANK0  00024
__Umul8_16@product                          cstackBANK0  00020
__Umul8_16@word_mpld                        cstackBANK0  00022
___fladd                                    text18       00046
___fladd@a                                  cstackBANK0  00048
___fladd@aexp                               cstackBANK0  00059
___fladd@b                                  cstackBANK0  00044
___fladd@bexp                               cstackBANK0  0005A
___fladd@grs                                cstackBANK0  0005B
___fladd@signs                              cstackBANK0  00058
___flmul                                    text16       002B8
___flmul@a                                  cstackBANK0  0002E
___flmul@aexp                               cstackBANK0  0003C
___flmul@b                                  cstackBANK0  0002A
___flmul@bexp                               cstackBANK0  0003D
___flmul@grs                                cstackBANK0  00038
___flmul@prod                               cstackBANK0  0003E
___flmul@sign                               cstackBANK0  00037
___flmul@temp                               cstackBANK0  00042
___fltol                                    text15       005D8
___fltol@exp1                               cstackBANK0  00066
___fltol@f1                                 cstackBANK0  0005C
___fltol@sign1                              cstackBANK0  00065
___int_sp                                   stack        00000
___latbits                                  (abs)        00002
___sp                                       stack        00000
___xxtofl                                   text14       00523
___xxtofl@arg                               cstackBANK0  00026
___xxtofl@exp                               cstackBANK0  00025
___xxtofl@sign                              cstackBANK0  00024
___xxtofl@val                               cstackCOMMON 00073
__end_of_INTERRUPT_InterruptManager         intentry     0002F
__end_of_OSCILLATOR_Initialize              text26       007FE
__end_of_PIN_MANAGER_Initialize             text25       007B6
__end_of_PMD_Initialize                     text24       00FB2
__end_of_PWM3_Initialize                    text23       00F52
__end_of_PWM3_LoadDutyValue                 text27       007CF
__end_of_PWM4_Initialize                    text22       00F58
__end_of_PWM5_Initialize                    text21       00F5E
__end_of_SYSTEM_Initialize                  text19       007E5
__end_of_TMR2_Initialize                    text20       01000
__end_of__Umul8_16                          text17       00790
__end_of___fladd                            text18       002B8
__end_of___flmul                            text16       00523
__end_of___fltol                            text15       0066D
__end_of___xxtofl                           text14       005D8
__end_of__initialization                    cinit        00042
__end_of_i2c1_driver_TXData                 text33       00F38
__end_of_i2c1_driver_getAddr                text41       00F2B
__end_of_i2c1_driver_getRXData              text2        00F33
__end_of_i2c1_driver_initSlaveHardware      text13       007F4
__end_of_i2c1_driver_isData                 text46       00F8A
__end_of_i2c1_driver_isRead                 text45       00F92
__end_of_i2c1_driver_isWriteCollision       text44       00F9A
__end_of_i2c1_driver_releaseClock           text43       00F21
__end_of_i2c1_driver_restart                text42       00F24
__end_of_i2c1_driver_setAddr                text12       00F42
__end_of_i2c1_driver_setBusCollisionISR     text11       00F64
__end_of_i2c1_driver_setI2cISR              text8        00F70
__end_of_i2c1_driver_setMask                text10       00F47
__end_of_i2c_slave_AddrCallBack             text39       00FC8
__end_of_i2c_slave_BusCollisionISR          text35       007FF
__end_of_i2c_slave_DefAddrInterruptHandler  text40       00FA2
__end_of_i2c_slave_DefRdInterruptHandler    text37       00FAA
__end_of_i2c_slave_DefWrInterruptHandler    text32       00F3D
__end_of_i2c_slave_ISR                      text29       00733
__end_of_i2c_slave_RdCallBack               text36       00FD6
__end_of_i2c_slave_WCOLCallBack             text34       00FE4
__end_of_i2c_slave_WrCallBack               text31       00FF2
__end_of_i2c_slave_open                     text3        00769
__end_of_i2c_slave_read                     text1        00F4C
__end_of_i2c_slave_setAddrIntHandler        text9        00F6A
__end_of_i2c_slave_setIsrHandler            text7        00FBA
__end_of_i2c_slave_setReadIntHandler        text6        00F76
__end_of_i2c_slave_setWCOLIntHandler        text5        00F7C
__end_of_i2c_slave_setWriteIntHandler       text4        00F82
__end_of_main                               maintext     006D4
__end_of_mssp1_clearIRQ                     text30       00F27
__end_ofi1_i2c1_driver_getRXData            text38       00F2F
__initialization                            cinit        00031
__pbssBANK0                                 bssBANK0     0006D
__pbssBANK1                                 bssBANK1     000A0
__pbssCOMMON                                bssCOMMON    00077
__pcstackBANK0                              cstackBANK0  00020
__pcstackBANK1                              cstackBANK1  000AA
__pcstackCOMMON                             cstackCOMMON 00070
__pintentry                                 intentry     00004
__pmaintext                                 maintext     0066D
__pnvBANK1                                  nvBANK1      000AE
__ptext1                                    text1        00F47
__ptext10                                   text10       00F42
__ptext11                                   text11       00F5E
__ptext12                                   text12       00F3D
__ptext13                                   text13       007E5
__ptext14                                   text14       00523
__ptext15                                   text15       005D8
__ptext16                                   text16       002B8
__ptext17                                   text17       00769
__ptext18                                   text18       00046
__ptext19                                   text19       007CF
__ptext2                                    text2        00F2F
__ptext20                                   text20       00FF2
__ptext21                                   text21       00F58
__ptext22                                   text22       00F52
__ptext23                                   text23       00F4C
__ptext24                                   text24       00FAA
__ptext25                                   text25       00790
__ptext26                                   text26       007F4
__ptext27                                   text27       007B6
__ptext29                                   text29       006D4
__ptext3                                    text3        00733
__ptext30                                   text30       00F24
__ptext31                                   text31       00FE4
__ptext32                                   text32       00F38
__ptext33                                   text33       00F33
__ptext34                                   text34       00FD6
__ptext35                                   text35       007FE
__ptext36                                   text36       00FC8
__ptext37                                   text37       00FA2
__ptext38                                   text38       00F2B
__ptext39                                   text39       00FBA
__ptext4                                    text4        00F7C
__ptext40                                   text40       00F9A
__ptext41                                   text41       00F27
__ptext42                                   text42       00F21
__ptext43                                   text43       00F1E
__ptext44                                   text44       00F92
__ptext45                                   text45       00F8A
__ptext46                                   text46       00F82
__ptext5                                    text5        00F76
__ptext6                                    text6        00F70
__ptext7                                    text7        00FB2
__ptext8                                    text8        00F6A
__ptext9                                    text9        00F64
__size_of_INTERRUPT_InterruptManager        (abs)        00000
__size_of_OSCILLATOR_Initialize             (abs)        00000
__size_of_PIN_MANAGER_Initialize            (abs)        00000
__size_of_PMD_Initialize                    (abs)        00000
__size_of_PWM3_Initialize                   (abs)        00000
__size_of_PWM3_LoadDutyValue                (abs)        00000
__size_of_PWM4_Initialize                   (abs)        00000
__size_of_PWM5_Initialize                   (abs)        00000
__size_of_SYSTEM_Initialize                 (abs)        00000
__size_of_TMR2_Initialize                   (abs)        00000
__size_of__Umul8_16                         (abs)        00000
__size_of___fladd                           (abs)        00000
__size_of___flmul                           (abs)        00000
__size_of___fltol                           (abs)        00000
__size_of___xxtofl                          (abs)        00000
__size_of_i2c1_driver_TXData                (abs)        00000
__size_of_i2c1_driver_getAddr               (abs)        00000
__size_of_i2c1_driver_getRXData             (abs)        00000
__size_of_i2c1_driver_initSlaveHardware     (abs)        00000
__size_of_i2c1_driver_isData                (abs)        00000
__size_of_i2c1_driver_isRead                (abs)        00000
__size_of_i2c1_driver_isWriteCollision      (abs)        00000
__size_of_i2c1_driver_releaseClock          (abs)        00000
__size_of_i2c1_driver_restart               (abs)        00000
__size_of_i2c1_driver_setAddr               (abs)        00000
__size_of_i2c1_driver_setBusCollisionISR    (abs)        00000
__size_of_i2c1_driver_setI2cISR             (abs)        00000
__size_of_i2c1_driver_setMask               (abs)        00000
__size_of_i2c_slave_AddrCallBack            (abs)        00000
__size_of_i2c_slave_BusCollisionISR         (abs)        00000
__size_of_i2c_slave_DefAddrInterruptHandler (abs)        00000
__size_of_i2c_slave_DefRdInterruptHandler   (abs)        00000
__size_of_i2c_slave_DefWrInterruptHandler   (abs)        00000
__size_of_i2c_slave_ISR                     (abs)        00000
__size_of_i2c_slave_RdCallBack              (abs)        00000
__size_of_i2c_slave_WCOLCallBack            (abs)        00000
__size_of_i2c_slave_WrCallBack              (abs)        00000
__size_of_i2c_slave_open                    (abs)        00000
__size_of_i2c_slave_read                    (abs)        00000
__size_of_i2c_slave_setAddrIntHandler       (abs)        00000
__size_of_i2c_slave_setIsrHandler           (abs)        00000
__size_of_i2c_slave_setReadIntHandler       (abs)        00000
__size_of_i2c_slave_setWCOLIntHandler       (abs)        00000
__size_of_i2c_slave_setWriteIntHandler      (abs)        00000
__size_of_main                              (abs)        00000
__size_of_mssp1_clearIRQ                    (abs)        00000
__size_ofi1_i2c1_driver_getRXData           (abs)        00000
_i2c1Data                                   bssBANK0     0006E
_i2c1_driver_TXData                         text33       00F33
_i2c1_driver_busCollisionISR                bssBANK1     000A8
_i2c1_driver_getAddr                        text41       00F27
_i2c1_driver_getRXData                      text2        00F2F
_i2c1_driver_i2cISR                         nvBANK1      000AE
_i2c1_driver_initSlaveHardware              text13       007E5
_i2c1_driver_isData                         text46       00F82
_i2c1_driver_isRead                         text45       00F8A
_i2c1_driver_isWriteCollision               text44       00F92
_i2c1_driver_releaseClock                   text43       00F1E
_i2c1_driver_restart                        text42       00F21
_i2c1_driver_setAddr                        text12       00F3D
_i2c1_driver_setBusCollisionISR             text11       00F5E
_i2c1_driver_setI2cISR                      text8        00F6A
_i2c1_driver_setMask                        text10       00F42
_i2c_slave_AddrCallBack                     text39       00FBA
_i2c_slave_AddrInterruptHandler             bssBANK1     000A2
_i2c_slave_BusCollisionISR                  text35       007FE
_i2c_slave_DefAddrInterruptHandler          text40       00F9A
_i2c_slave_DefRdInterruptHandler            text37       00FA2
_i2c_slave_DefWrInterruptHandler            text32       00F38
_i2c_slave_ISR                              text29       006D4
_i2c_slave_RdCallBack                       text36       00FC8
_i2c_slave_RdInterruptHandler               bssBANK1     000A6
_i2c_slave_WCOLCallBack                     text34       00FD6
_i2c_slave_WCOLInterruptHandler             bssBANK1     000A0
_i2c_slave_WrCallBack                       text31       00FE4
_i2c_slave_WrInterruptHandler               bssBANK1     000A4
_i2c_slave_open                             text3        00733
_i2c_slave_read                             text1        00F47
_i2c_slave_setAddrIntHandler                text9        00F64
_i2c_slave_setIsrHandler                    text7        00FB2
_i2c_slave_setReadIntHandler                text6        00F70
_i2c_slave_setWCOLIntHandler                text5        00F76
_i2c_slave_setWriteIntHandler               text4        00F7C
_i2c_slave_writeData                        bssCOMMON    00079
_main                                       maintext     0066D
_mssp1_clearIRQ                             text30       00F24
_nextState                                  bssCOMMON    00077
_sAddr                                      bssBANK0     0006D
_state                                      bssCOMMON    00078
btemp                                       (abs)        0007E
end_of_initialization                       cinit        00042
i1_i2c1_driver_getRXData                    text38       00F2B
i2c1_driver_TXData@d                        cstackCOMMON 00070
i2c1_driver_setAddr@addr                    cstackCOMMON 00073
i2c1_driver_setBusCollisionISR@handler      cstackCOMMON 00073
i2c1_driver_setI2cISR@handler               cstackCOMMON 00073
i2c1_driver_setMask@mask                    cstackCOMMON 00073
i2c_slave_setAddrIntHandler@handler         cstackCOMMON 00073
i2c_slave_setIsrHandler@handler             cstackCOMMON 00075
i2c_slave_setReadIntHandler@handler         cstackCOMMON 00073
i2c_slave_setWCOLIntHandler@handler         cstackCOMMON 00073
i2c_slave_setWriteIntHandler@handler        cstackCOMMON 00073
int$flags                                   (abs)        0007E
intlevel0                                   functab      00000
intlevel1                                   functab      00000
intlevel2                                   functab      00000
intlevel3                                   functab      00000
intlevel4                                   functab      00000
intlevel5                                   functab      00000
main@buf                                    cstackBANK0  0006B
reset_vec                                   reset_vec    00000
stackhi                                     (abs)        023EF
stacklo                                     (abs)        02060
start                                       init         0002F
start_initialization                        cinit        00031
wtemp0                                      (abs)        0007E


FUNCTION INFORMATION:

 *************** function _main *****************
 Defined at:
		line 50 in file "main.c"
 Parameters:    Size  Location     Type
		None
 Auto vars:     Size  Location     Type
  buf             2   75[BANK0 ] unsigned char [2]
  x               1    0        unsigned char 
  util            1    0        unsigned char 
 Return value:  Size  Location     Type
                  1    wreg      void 
 Registers used:
		wreg, status,2, status,0, pclath, cstack
 Tracked objects:
		On entry : 
		On exit  : 
		Unchanged: 
 Data sizes:     COMMON   BANK0   BANK1   BANK2   BANK3   BANK4   BANK5   BANK6   BANK7   BANK8   BANK9  BANK10  BANK11  BANK12
      Params:         0       0       0       0       0       0       0       0       0       0       0       0       0       0
      Locals:         0       2       0       0       0       0       0       0       0       0       0       0       0       0
      Temps:          0       0       4       0       0       0       0       0       0       0       0       0       0       0
      Totals:         0       2       4       0       0       0       0       0       0       0       0       0       0       0
Total ram usage:        6 bytes
 Hardware stack levels required when called:    8
 This function calls:
		_PWM3_LoadDutyValue
		_SYSTEM_Initialize
		___fladd
		___flmul
		___fltol
		___xxtofl
		_i2c_slave_open
		_i2c_slave_read
 This function is called by:
		Startup code after reset
 This function uses a non-reentrant model


 *************** function _i2c_slave_read *****************
 Defined at:
		line 112 in file "mcc_generated_files/drivers/i2c_slave.c"
 Parameters:    Size  Location     Type
		None
 Auto vars:     Size  Location     Type
		None
 Return value:  Size  Location     Type
                  1    wreg      unsigned char 
 Registers used:
		wreg, pclath, cstack
 Tracked objects:
		On entry : 
		On exit  : 
		Unchanged: 
 Data sizes:     COMMON   BANK0   BANK1   BANK2   BANK3   BANK4   BANK5   BANK6   BANK7   BANK8   BANK9  BANK10  BANK11  BANK12
      Params:         0       0       0       0       0       0       0       0       0       0       0       0       0       0
      Locals:         0       0       0       0       0       0       0       0       0       0       0       0       0       0
      Temps:          0       0       0       0       0       0       0       0       0       0       0       0       0       0
      Totals:         0       0       0       0       0       0       0       0       0       0       0       0       0       0
Total ram usage:        0 bytes
 Hardware stack levels used:    1
 Hardware stack levels required when called:    6
 This function calls:
		_i2c1_driver_getRXData
 This function is called by:
		_main
 This function uses a non-reentrant model


 *************** function _i2c1_driver_getRXData *****************
 Defined at:
		line 171 in file "mcc_generated_files/i2c1_driver.c"
 Parameters:    Size  Location     Type
		None
 Auto vars:     Size  Location     Type
		None
 Return value:  Size  Location     Type
                  1    wreg      unsigned char 
 Registers used:
		wreg
 Tracked objects:
		On entry : 
		On exit  : 
		Unchanged: 
 Data sizes:     COMMON   BANK0   BANK1   BANK2   BANK3   BANK4   BANK5   BANK6   BANK7   BANK8   BANK9  BANK10  BANK11  BANK12
      Params:         0       0       0       0       0       0       0       0       0       0       0       0       0       0
      Locals:         0       0       0       0       0       0       0       0       0       0       0       0       0       0
      Temps:          0       0       0       0       0       0       0       0       0       0       0       0       0       0
      Totals:         0       0       0       0       0       0       0       0       0       0       0       0       0       0
Total ram usage:        0 bytes
 Hardware stack levels used:    1
 Hardware stack levels required when called:    5
 This function calls:
		Nothing
 This function is called by:
		_i2c_slave_read
 This function uses a non-reentrant model


 *************** function _i2c_slave_open *****************
 Defined at:
		line 45 in file "mcc_generated_files/drivers/i2c_slave.c"
 Parameters:    Size  Location     Type
		None
 Auto vars:     Size  Location     Type
		None
 Return value:  Size  Location     Type
                  1    wreg      void 
 Registers used:
		wreg, status,2, status,0, pclath, cstack
 Tracked objects:
		On entry : 
		On exit  : 
		Unchanged: 
 Data sizes:     COMMON   BANK0   BANK1   BANK2   BANK3   BANK4   BANK5   BANK6   BANK7   BANK8   BANK9  BANK10  BANK11  BANK12
      Params:         0       0       0       0       0       0       0       0       0       0       0       0       0       0
      Locals:         0       0       0       0       0       0       0       0       0       0       0       0       0       0
      Temps:          0       0       0       0       0       0       0       0       0       0       0       0       0       0
      Totals:         0       0       0       0       0       0       0       0       0       0       0       0       0       0
Total ram usage:        0 bytes
 Hardware stack levels used:    1
 Hardware stack levels required when called:    7
 This function calls:
		_i2c1_driver_initSlaveHardware
		_i2c1_driver_setAddr
		_i2c1_driver_setBusCollisionISR
		_i2c1_driver_setMask
		_i2c_slave_setAddrIntHandler
		_i2c_slave_setIsrHandler
		_i2c_slave_setReadIntHandler
		_i2c_slave_setWCOLIntHandler
		_i2c_slave_setWriteIntHandler
 This function is called by:
		_main
 This function uses a non-reentrant model


 *************** function _i2c_slave_setWriteIntHandler *****************
 Defined at:
		line 164 in file "mcc_generated_files/drivers/i2c_slave.c"
 Parameters:    Size  Location     Type
  handler         2    3[COMMON] PTR FTN()void 
		 -> i2c_slave_DefWrInterruptHandler(1), 
 Auto vars:     Size  Location     Type
		None
 Return value:  Size  Location     Type
                  1    wreg      void 
 Registers used:
		wreg
 Tracked objects:
		On entry : 
		On exit  : 
		Unchanged: 
 Data sizes:     COMMON   BANK0   BANK1   BANK2   BANK3   BANK4   BANK5   BANK6   BANK7   BANK8   BANK9  BANK10  BANK11  BANK12
      Params:         2       0       0       0       0       0       0       0       0       0       0       0       0       0
      Locals:         0       0       0       0       0       0       0       0       0       0       0       0       0       0
      Temps:          0       0       0       0       0       0       0       0       0       0       0       0       0       0
      Totals:         2       0       0       0       0       0       0       0       0       0       0       0       0       0
Total ram usage:        2 bytes
 Hardware stack levels used:    1
 Hardware stack levels required when called:    5
 This function calls:
		Nothing
 This function is called by:
		_i2c_slave_open
 This function uses a non-reentrant model


 *************** function _i2c_slave_setWCOLIntHandler *****************
 Defined at:
		line 196 in file "mcc_generated_files/drivers/i2c_slave.c"
 Parameters:    Size  Location     Type
  handler         2    3[COMMON] PTR FTN()void 
		 -> i2c_slave_BusCollisionISR(1), 
 Auto vars:     Size  Location     Type
		None
 Return value:  Size  Location     Type
                  1    wreg      void 
 Registers used:
		wreg
 Tracked objects:
		On entry : 
		On exit  : 
		Unchanged: 
 Data sizes:     COMMON   BANK0   BANK1   BANK2   BANK3   BANK4   BANK5   BANK6   BANK7   BANK8   BANK9  BANK10  BANK11  BANK12
      Params:         2       0       0       0       0       0       0       0       0       0       0       0       0       0
      Locals:         0       0       0       0       0       0       0       0       0       0       0       0       0       0
      Temps:          0       0       0       0       0       0       0       0       0       0       0       0       0       0
[...]
      Totals:         0       0       0       0       0       0       0       0       0       0       0       0       0       0
Total ram usage:        0 bytes
 Hardware stack levels used:    1
 Hardware stack levels required when called:    1
 This function calls:
		Absolute function
		_i2c_slave_BusCollisionISR
 This function is called by:
		_i2c_slave_ISR
 This function uses a non-reentrant model


 *************** function _i2c_slave_BusCollisionISR *****************
 Defined at:
		line 108 in file "mcc_generated_files/drivers/i2c_slave.c"
 Parameters:    Size  Location     Type
		None
 Auto vars:     Size  Location     Type
		None
 Return value:  Size  Location     Type
                  1    wreg      void 
 Registers used:
		None
 Tracked objects:
		On entry : 
		On exit  : 
		Unchanged: 
 Data sizes:     COMMON   BANK0   BANK1   BANK2   BANK3   BANK4   BANK5   BANK6   BANK7   BANK8   BANK9  BANK10  BANK11  BANK12
      Params:         0       0       0       0       0       0       0       0       0       0       0       0       0       0
      Locals:         0       0       0       0       0       0       0       0       0       0       0       0       0       0
      Temps:          0       0       0       0       0       0       0       0       0       0       0       0       0       0
      Totals:         0       0       0       0       0       0       0       0       0       0       0       0       0       0
Total ram usage:        0 bytes
 Hardware stack levels used:    1
 This function calls:
		Nothing
 This function is called by:
		_i2c_slave_open
		_i2c_slave_WCOLCallBack
		_INTERRUPT_InterruptManager
 This function uses a non-reentrant model


 *************** function _i2c_slave_RdCallBack *****************
 Defined at:
		line 133 in file "mcc_generated_files/drivers/i2c_slave.c"
 Parameters:    Size  Location     Type
		None
 Auto vars:     Size  Location     Type
		None
 Return value:  Size  Location     Type
                  1    wreg      void 
 Registers used:
		wreg, status,2, status,0, pclath, cstack
 Tracked objects:
		On entry : 
		On exit  : 
		Unchanged: 
 Data sizes:     COMMON   BANK0   BANK1   BANK2   BANK3   BANK4   BANK5   BANK6   BANK7   BANK8   BANK9  BANK10  BANK11  BANK12
      Params:         0       0       0       0       0       0       0       0       0       0       0       0       0       0
      Locals:         0       0       0       0       0       0       0       0       0       0       0       0       0       0
      Temps:          0       0       0       0       0       0       0       0       0       0       0       0       0       0
      Totals:         0       0       0       0       0       0       0       0       0       0       0       0       0       0
Total ram usage:        0 bytes
 Hardware stack levels used:    1
 Hardware stack levels required when called:    2
 This function calls:
		Absolute function
		_i2c_slave_DefRdInterruptHandler
 This function is called by:
		_i2c_slave_ISR
 This function uses a non-reentrant model


 *************** function _i2c_slave_DefRdInterruptHandler *****************
 Defined at:
		line 152 in file "mcc_generated_files/drivers/i2c_slave.c"
 Parameters:    Size  Location     Type
		None
 Auto vars:     Size  Location     Type
		None
 Return value:  Size  Location     Type
                  1    wreg      void 
 Registers used:
		wreg, pclath, cstack
 Tracked objects:
		On entry : 
		On exit  : 
		Unchanged: 
 Data sizes:     COMMON   BANK0   BANK1   BANK2   BANK3   BANK4   BANK5   BANK6   BANK7   BANK8   BANK9  BANK10  BANK11  BANK12
      Params:         0       0       0       0       0       0       0       0       0       0       0       0       0       0
      Locals:         0       0       0       0       0       0       0       0       0       0       0       0       0       0
      Temps:          1       0       0       0       0       0       0       0       0       0       0       0       0       0
      Totals:         1       0       0       0       0       0       0       0       0       0       0       0       0       0
Total ram usage:        1 bytes
 Hardware stack levels used:    1
 Hardware stack levels required when called:    1
 This function calls:
		i1_i2c1_driver_getRXData
 This function is called by:
		_i2c_slave_open
		_i2c_slave_RdCallBack
 This function uses a non-reentrant model


 *************** function i1_i2c1_driver_getRXData *****************
 Defined at:
		line 171 in file "mcc_generated_files/i2c1_driver.c"
 Parameters:    Size  Location     Type
		None
 Auto vars:     Size  Location     Type
		None
 Return value:  Size  Location     Type
                  1    wreg      unsigned char 
 Registers used:
		wreg
 Tracked objects:
		On entry : 
		On exit  : 
		Unchanged: 
 Data sizes:     COMMON   BANK0   BANK1   BANK2   BANK3   BANK4   BANK5   BANK6   BANK7   BANK8   BANK9  BANK10  BANK11  BANK12
      Params:         0       0       0       0       0       0       0       0       0       0       0       0       0       0
      Locals:         0       0       0       0       0       0       0       0       0       0       0       0       0       0
      Temps:          0       0       0       0       0       0       0       0       0       0       0       0       0       0
      Totals:         0       0       0       0       0       0       0       0       0       0       0       0       0       0
Total ram usage:        0 bytes
 Hardware stack levels used:    1
 This function calls:
		Nothing
 This function is called by:
		_i2c_slave_ISR
		_i2c_slave_DefRdInterruptHandler
 This function uses a non-reentrant model


 *************** function _i2c_slave_AddrCallBack *****************
 Defined at:
		line 173 in file "mcc_generated_files/drivers/i2c_slave.c"
 Parameters:    Size  Location     Type
		None
 Auto vars:     Size  Location     Type
		None
 Return value:  Size  Location     Type
                  1    wreg      void 
 Registers used:
		wreg, status,2, status,0, pclath, cstack
 Tracked objects:
		On entry : 
		On exit  : 
		Unchanged: 
 Data sizes:     COMMON   BANK0   BANK1   BANK2   BANK3   BANK4   BANK5   BANK6   BANK7   BANK8   BANK9  BANK10  BANK11  BANK12
      Params:         0       0       0       0       0       0       0       0       0       0       0       0       0       0
      Locals:         0       0       0       0       0       0       0       0       0       0       0       0       0       0
      Temps:          0       0       0       0       0       0       0       0       0       0       0       0       0       0
      Totals:         0       0       0       0       0       0       0       0       0       0       0       0       0       0
Total ram usage:        0 bytes
 Hardware stack levels used:    1
 Hardware stack levels required when called:    2
 This function calls:
		Absolute function
		_i2c_slave_DefAddrInterruptHandler
 This function is called by:
		_i2c_slave_ISR
 This function uses a non-reentrant model


 *************** function _i2c_slave_DefAddrInterruptHandler *****************
 Defined at:
		line 184 in file "mcc_generated_files/drivers/i2c_slave.c"
 Parameters:    Size  Location     Type
		None
 Auto vars:     Size  Location     Type
		None
 Return value:  Size  Location     Type
                  1    wreg      void 
 Registers used:
		wreg, pclath, cstack
 Tracked objects:
		On entry : 
		On exit  : 
		Unchanged: 
 Data sizes:     COMMON   BANK0   BANK1   BANK2   BANK3   BANK4   BANK5   BANK6   BANK7   BANK8   BANK9  BANK10  BANK11  BANK12
      Params:         0       0       0       0       0       0       0       0       0       0       0       0       0       0
      Locals:         0       0       0       0       0       0       0       0       0       0       0       0       0       0
      Temps:          1       0       0       0       0       0       0       0       0       0       0       0       0       0
      Totals:         1       0       0       0       0       0       0       0       0       0       0       0       0       0
Total ram usage:        1 bytes
 Hardware stack levels used:    1
 Hardware stack levels required when called:    1
 This function calls:
		_i2c1_driver_getAddr
 This function is called by:
		_i2c_slave_open
		_i2c_slave_AddrCallBack
 This function uses a non-reentrant model


 *************** function _i2c1_driver_getAddr *****************
 Defined at:
		line 191 in file "mcc_generated_files/i2c1_driver.c"
 Parameters:    Size  Location     Type
		None
 Auto vars:     Size  Location     Type
		None
 Return value:  Size  Location     Type
                  1    wreg      unsigned char 
 Registers used:
		wreg
 Tracked objects:
		On entry : 
		On exit  : 
		Unchanged: 
 Data sizes:     COMMON   BANK0   BANK1   BANK2   BANK3   BANK4   BANK5   BANK6   BANK7   BANK8   BANK9  BANK10  BANK11  BANK12
      Params:         0       0       0       0       0       0       0       0       0       0       0       0       0       0
      Locals:         0       0       0       0       0       0       0       0       0       0       0       0       0       0
      Temps:          0       0       0       0       0       0       0       0       0       0       0       0       0       0
      Totals:         0       0       0       0       0       0       0       0       0       0       0       0       0       0
Total ram usage:        0 bytes
 Hardware stack levels used:    1
 This function calls:
		Nothing
 This function is called by:
		_i2c_slave_DefAddrInterruptHandler
 This function uses a non-reentrant model


 *************** function _i2c1_driver_restart *****************
 Defined at:
		line 151 in file "mcc_generated_files/i2c1_driver.c"
 Parameters:    Size  Location     Type
		None
 Auto vars:     Size  Location     Type
		None
 Return value:  Size  Location     Type
                  1    wreg      void 
 Registers used:
		None
 Tracked objects:
		On entry : 
		On exit  : 
		Unchanged: 
 Data sizes:     COMMON   BANK0   BANK1   BANK2   BANK3   BANK4   BANK5   BANK6   BANK7   BANK8   BANK9  BANK10  BANK11  BANK12
      Params:         0       0       0       0       0       0       0       0       0       0       0       0       0       0
      Locals:         0       0       0       0       0       0       0       0       0       0       0       0       0       0
      Temps:          0       0       0       0       0       0       0       0       0       0       0       0       0       0
      Totals:         0       0       0       0       0       0       0       0       0       0       0       0       0       0
Total ram usage:        0 bytes
 Hardware stack levels used:    1
 This function calls:
		Nothing
 This function is called by:
		_i2c_slave_ISR
 This function uses a non-reentrant model


 *************** function _i2c1_driver_releaseClock *****************
 Defined at:
		line 208 in file "mcc_generated_files/i2c1_driver.c"
 Parameters:    Size  Location     Type
		None
 Auto vars:     Size  Location     Type
		None
 Return value:  Size  Location     Type
                  1    wreg      void 
 Registers used:
		None
 Tracked objects:
		On entry : 
		On exit  : 
		Unchanged: 
 Data sizes:     COMMON   BANK0   BANK1   BANK2   BANK3   BANK4   BANK5   BANK6   BANK7   BANK8   BANK9  BANK10  BANK11  BANK12
      Params:         0       0       0       0       0       0       0       0       0       0       0       0       0       0
      Locals:         0       0       0       0       0       0       0       0       0       0       0       0       0       0
      Temps:          0       0       0       0       0       0       0       0       0       0       0       0       0       0
      Totals:         0       0       0       0       0       0       0       0       0       0       0       0       0       0
Total ram usage:        0 bytes
 Hardware stack levels used:    1
 This function calls:
		Nothing
 This function is called by:
		_i2c_slave_ISR
 This function uses a non-reentrant model


 *************** function _i2c1_driver_isWriteCollision *****************
 Defined at:
		line 243 in file "mcc_generated_files/i2c1_driver.c"
 Parameters:    Size  Location     Type
		None
 Auto vars:     Size  Location     Type
		None
 Return value:  Size  Location     Type
		None               void
 Registers used:
		wreg, status,2, status,0
 Tracked objects:
		On entry : 
		On exit  : 
		Unchanged: 
 Data sizes:     COMMON   BANK0   BANK1   BANK2   BANK3   BANK4   BANK5   BANK6   BANK7   BANK8   BANK9  BANK10  BANK11  BANK12
      Params:         0       0       0       0       0       0       0       0       0       0       0       0       0       0
      Locals:         0       0       0       0       0       0       0       0       0       0       0       0       0       0
      Temps:          1       0       0       0       0       0       0       0       0       0       0       0       0       0
      Totals:         1       0       0       0       0       0       0       0       0       0       0       0       0       0
Total ram usage:        1 bytes
 Hardware stack levels used:    1
 This function calls:
		Nothing
 This function is called by:
		_i2c_slave_ISR
 This function uses a non-reentrant model


 *************** function _i2c1_driver_isRead *****************
 Defined at:
		line 238 in file "mcc_generated_files/i2c1_driver.c"
 Parameters:    Size  Location     Type
		None
 Auto vars:     Size  Location     Type
		None
 Return value:  Size  Location     Type
		None               void
 Registers used:
		wreg, status,2, status,0
 Tracked objects:
		On entry : 
		On exit  : 
		Unchanged: 
 Data sizes:     COMMON   BANK0   BANK1   BANK2   BANK3   BANK4   BANK5   BANK6   BANK7   BANK8   BANK9  BANK10  BANK11  BANK12
      Params:         0       0       0       0       0       0       0       0       0       0       0       0       0       0
      Locals:         0       0       0       0       0       0       0       0       0       0       0       0       0       0
      Temps:          1       0       0       0       0       0       0       0       0       0       0       0       0       0
      Totals:         1       0       0       0       0       0       0       0       0       0       0       0       0       0
Total ram usage:        1 bytes
 Hardware stack levels used:    1
 This function calls:
		Nothing
 This function is called by:
		_i2c_slave_ISR
 This function uses a non-reentrant model


 *************** function _i2c1_driver_isData *****************
 Defined at:
		line 233 in file "mcc_generated_files/i2c1_driver.c"
 Parameters:    Size  Location     Type
		None
 Auto vars:     Size  Location     Type
		None
 Return value:  Size  Location     Type
		None               void
 Registers used:
		wreg, status,2, status,0
 Tracked objects:
		On entry : 
		On exit  : 
		Unchanged: 
 Data sizes:     COMMON   BANK0   BANK1   BANK2   BANK3   BANK4   BANK5   BANK6   BANK7   BANK8   BANK9  BANK10  BANK11  BANK12
      Params:         0       0       0       0       0       0       0       0       0       0       0       0       0       0
      Locals:         0       0       0       0       0       0       0       0       0       0       0       0       0       0
      Temps:          1       0       0       0       0       0       0       0       0       0       0       0       0       0
      Totals:         1       0       0       0       0       0       0       0       0       0       0       0       0       0
Total ram usage:        1 bytes
 Hardware stack levels used:    1
 This function calls:
		Nothing
 This function is called by:
		_i2c_slave_ISR
 This function uses a non-reentrant model



MODULE INFORMATION

Module		Function		Class		Link	Load	Size
/opt/microchip/xc8/v2.00/pic/sources/c99/common/Umul8_16.c
		__Umul8_16     		CODE           	0769	0000	40

/opt/microchip/xc8/v2.00/pic/sources/c99/common/Umul8_16.c estimated size: 40

mcc_generated_files/drivers/i2c_slave.c
		_i2c_slave_BusCollisionISR		CODE           	07FE	0000	2
		_i2c_slave_setWriteIntHandler		CODE           	0F7C	0000	7
		_i2c_slave_setReadIntHandler		CODE           	0F70	0000	7
		_i2c_slave_DefAddrInterruptHandler		CODE           	0F9A	0000	9
		_i2c_slave_setAddrIntHandler		CODE           	0F64	0000	7
		_i2c_slave_setIsrHandler		CODE           	0FB2	0000	9
		_i2c_slave_ISR 		CODE           	06D4	0000	96
		_i2c_slave_DefRdInterruptHandler		CODE           	0FA2	0000	9
		_i2c_slave_DefWrInterruptHandler		CODE           	0F38	0000	6
		_i2c_slave_read		CODE           	0F47	0000	6
		_i2c_slave_open		CODE           	0733	0000	55
		_i2c_slave_RdCallBack		CODE           	0FC8	0000	15
		_i2c_slave_WrCallBack		CODE           	0FE4	0000	15
		_i2c_slave_WCOLCallBack		CODE           	0FD6	0000	15
		_i2c_slave_setWCOLIntHandler		CODE           	0F76	0000	7
		_i2c_slave_AddrCallBack		CODE           	0FBA	0000	15

mcc_generated_files/drivers/i2c_slave.c estimated size: 280

mcc_generated_files/pwm4.c
		_PWM4_Initialize		CODE           	0F52	0000	7

mcc_generated_files/pwm4.c estimated size: 7

mcc_generated_files/tmr2.c
		_TMR2_Initialize		CODE           	0FF2	0000	15

mcc_generated_files/tmr2.c estimated size: 15

mcc_generated_files/interrupt_manager.c
		_INTERRUPT_InterruptManager		CODE           	0004	0000	44

mcc_generated_files/interrupt_manager.c estimated size: 44

mcc_generated_files/pin_manager.c
		_PIN_MANAGER_Initialize		CODE           	0790	0000	39

mcc_generated_files/pin_manager.c estimated size: 39

/opt/microchip/xc8/v2.00/pic/sources/c99/common/xxtofl.c
		___xxtofl      		CODE           	0523	0000	182

/opt/microchip/xc8/v2.00/pic/sources/c99/common/xxtofl.c estimated size: 182

/opt/microchip/xc8/v2.00/pic/sources/c99/common/sprcmul.c
		___flmul       		CODE           	02B8	0000	620

/opt/microchip/xc8/v2.00/pic/sources/c99/common/sprcmul.c estimated size: 620

shared
		__initialization		CODE           	0031	0000	18
		i1_i2c1_driver_getRXData		CODE           	0F2B	0000	5

shared estimated size: 23

mcc_generated_files/pwm5.c
		_PWM5_Initialize		CODE           	0F58	0000	7

mcc_generated_files/pwm5.c estimated size: 7

mcc_generated_files/mcc.c
		_PMD_Initialize		CODE           	0FAA	0000	9
		_OSCILLATOR_Initialize		CODE           	07F4	0000	11
		_SYSTEM_Initialize		CODE           	07CF	0000	23

mcc_generated_files/mcc.c estimated size: 43

mcc_generated_files/pwm3.c
		_PWM3_Initialize		CODE           	0F4C	0000	7
		_PWM3_LoadDutyValue		CODE           	07B6	0000	26

mcc_generated_files/pwm3.c estimated size: 33

mcc_generated_files/i2c1_driver.c
		_i2c1_driver_setMask		CODE           	0F42	0000	6
		_i2c1_driver_isRead		CODE           	0F8A	0000	9
		_i2c1_driver_getRXData		CODE           	0F2F	0000	5
		_i2c1_driver_TXData		CODE           	0F33	0000	6
		_i2c1_driver_setBusCollisionISR		CODE           	0F5E	0000	7
		_i2c1_driver_isData		CODE           	0F82	0000	9
		_i2c1_driver_isWriteCollision		CODE           	0F92	0000	9
		_i2c1_driver_releaseClock		CODE           	0F1E	0000	4
		_i2c1_driver_restart		CODE           	0F21	0000	4
		_i2c1_driver_initSlaveHardware		CODE           	07E5	0000	16
		_mssp1_clearIRQ		CODE           	0F24	0000	4
		_i2c1_driver_setI2cISR		CODE           	0F6A	0000	7
		_i2c1_driver_getAddr		CODE           	0F27	0000	5
		_i2c1_driver_setAddr		CODE           	0F3D	0000	6

mcc_generated_files/i2c1_driver.c estimated size: 97

/opt/microchip/xc8/v2.00/pic/sources/c99/common/fltol.c
		___fltol       		CODE           	05D8	0000	150

/opt/microchip/xc8/v2.00/pic/sources/c99/common/fltol.c estimated size: 150

main.c
		_main          		CODE           	066D	0000	104

main.c estimated size: 104

/opt/microchip/xc8/v2.00/pic/sources/c99/common/sprcadd.c
		___fladd       		CODE           	0046	0000	627

/opt/microchip/xc8/v2.00/pic/sources/c99/common/sprcadd.c estimated size: 627

